// Jest Snapshot v1, https://goo.gl/fbAQLP

exports[`SVGMap component Properties displays map with custom function location props 1`] = `
<svg
  aria-label="label"
  className="svg-map"
  role="none"
  viewBox="viewBox"
  xmlns="http://www.w3.org/2000/svg"
>
  <path
    aria-checked={undefined}
    aria-label="name0"
    className="locationClassName-0"
    d="path0"
    id="id0"
    name="name0"
    onBlur={undefined}
    onClick={undefined}
    onFocus={undefined}
    onKeyDown={undefined}
    onMouseMove={undefined}
    onMouseOut={undefined}
    onMouseOver={undefined}
    role={undefined}
    tabIndex="locationTabIndex-0"
  />
  <path
    aria-checked={undefined}
    aria-label="name1"
    className="locationClassName-1"
    d="path1"
    id="id1"
    name="name1"
    onBlur={undefined}
    onClick={undefined}
    onFocus={undefined}
    onKeyDown={undefined}
    onMouseMove={undefined}
    onMouseOut={undefined}
    onMouseOver={undefined}
    role={undefined}
    tabIndex="locationTabIndex-1"
  />
  <path
    aria-checked={undefined}
    aria-label="name2"
    className="locationClassName-2"
    d="path2"
    id="id2"
    name="name2"
    onBlur={undefined}
    onClick={undefined}
    onFocus={undefined}
    onKeyDown={undefined}
    onMouseMove={undefined}
    onMouseOut={undefined}
    onMouseOver={undefined}
    role={undefined}
    tabIndex="locationTabIndex-2"
  />
</svg>
`;

exports[`SVGMap component Properties displays map with custom props 1`] = `
<svg
  aria-label="label"
  className="className"
  role="role"
  viewBox="viewBox"
  xmlns="http://www.w3.org/2000/svg"
>
  <text>
    childrenBefore
  </text>
  <path
    aria-checked="isLocationSelected"
    aria-label="name0-0"
    className="locationClassName"
    d="path0"
    id="id0"
    name="name0"
    onBlur={[Function]}
    onClick={[Function]}
    onFocus={[Function]}
    onKeyDown={[Function]}
    onMouseMove={[Function]}
    onMouseOut={[Function]}
    onMouseOver={[Function]}
    role="locationRole"
    tabIndex="locationTabIndex"
  />
  <path
    aria-checked="isLocationSelected"
    aria-label="name1-1"
    className="locationClassName"
    d="path1"
    id="id1"
    name="name1"
    onBlur={[Function]}
    onClick={[Function]}
    onFocus={[Function]}
    onKeyDown={[Function]}
    onMouseMove={[Function]}
    onMouseOut={[Function]}
    onMouseOver={[Function]}
    role="locationRole"
    tabIndex="locationTabIndex"
  />
  <path
    aria-checked="isLocationSelected"
    aria-label="name2-2"
    className="locationClassName"
    d="path2"
    id="id2"
    name="name2"
    onBlur={[Function]}
    onClick={[Function]}
    onFocus={[Function]}
    onKeyDown={[Function]}
    onMouseMove={[Function]}
    onMouseOut={[Function]}
    onMouseOver={[Function]}
    role="locationRole"
    tabIndex="locationTabIndex"
  />
  <text>
    childrenAfter
  </text>
</svg>
`;

exports[`SVGMap component Properties displays map with default props 1`] = `
<svg
  aria-label="label"
  className="svg-map"
  role="none"
  viewBox="viewBox"
  xmlns="http://www.w3.org/2000/svg"
>
  <path
    aria-checked={undefined}
    aria-label="name0"
    className="svg-map__location"
    d="path0"
    id="id0"
    name="name0"
    onBlur={undefined}
    onClick={undefined}
    onFocus={undefined}
    onKeyDown={undefined}
    onMouseMove={undefined}
    onMouseOut={undefined}
    onMouseOver={undefined}
    role={undefined}
    tabIndex={undefined}
  />
  <path
    aria-checked={undefined}
    aria-label="name1"
    className="svg-map__location"
    d="path1"
    id="id1"
    name="name1"
    onBlur={undefined}
    onClick={undefined}
    onFocus={undefined}
    onKeyDown={undefined}
    onMouseMove={undefined}
    onMouseOut={undefined}
    onMouseOver={undefined}
    role={undefined}
    tabIndex={undefined}
  />
  <path
    aria-checked={undefined}
    aria-label="name2"
    className="svg-map__location"
    d="path2"
    id="id2"
    name="name2"
    onBlur={undefined}
    onClick={undefined}
    onFocus={undefined}
    onKeyDown={undefined}
    onMouseMove={undefined}
    onMouseOut={undefined}
    onMouseOver={undefined}
    role={undefined}
    tabIndex={undefined}
  />
</svg>
`;
